// Jest Snapshot v1, https://goo.gl/fbAQLP

exports[`SecurityRequirement should render SecurityDefs 1`] = `
"<div id=\\"section/Authentication/petstore_auth\\" data-section-id=\\"section/Authentication/petstore_auth\\" class=\\"sc-eCApnc jlMQbh\\"><div class=\\"sc-iCoGMd gLxhOh\\"><div class=\\"sc-hKFxyN juinod\\"><h2 class=\\"sc-pNWdM eftmgB\\">petstore_auth</h2><div class=\\"sc-iJCRrE sc-cBoqAE jCdxGr euzkmu\\"><p>Get access to data while protecting your account credentials.
OAuth2 is also a safer and more secure way to give you access.</p>
</div><div class=\\"sc-fXgAZx gpEkhG\\"><div class=\\"sc-bQCEYZ guNana\\"><b>Security Scheme Type: </b><span>OAuth2</span></div><div class=\\"sc-iJCRrE sc-cBoqAE jCdxGr euzkmu\\"><div class=\\"sc-bQCEYZ guNana\\"><b>Flow type: </b><code>implicit </code></div><div class=\\"sc-bQCEYZ guNana\\"><strong> Authorization URL: </strong><code><a target=\\"_blank\\" rel=\\"noopener noreferrer\\" href=\\"http://petstore.swagger.io/api/oauth/dialog\\">http://petstore.swagger.io/api/oauth/dialog</a></code></div><div class=\\"sc-bQCEYZ guNana\\"><b> Scopes: </b></div><div class=\\"sc-EZqKI gMdzUP container\\" style=\\"height: 4em;\\"><ul><li><code>write:pets</code> - <div class=\\"sc-iJCRrE sc-cBoqAE jCdxGr euzkmu sc-jcwpoC guyQyU redoc-markdown\\"><p>modify pets in your account</p>
</div></li><li><code>read:pets</code> - <div class=\\"sc-iJCRrE sc-cBoqAE jCdxGr euzkmu sc-jcwpoC guyQyU redoc-markdown\\"><p>read your pets</p>
</div></li></ul></div><div class=\\"sc-jXcxbT ifAgjo\\"></div></div></div></div></div></div><div id=\\"section/Authentication/GitLab_PersonalAccessToken\\" data-section-id=\\"section/Authentication/GitLab_PersonalAccessToken\\" class=\\"sc-eCApnc jlMQbh\\"><div class=\\"sc-iCoGMd gLxhOh\\"><div class=\\"sc-hKFxyN juinod\\"><h2 class=\\"sc-pNWdM eftmgB\\">GitLab_PersonalAccessToken</h2><div class=\\"sc-iJCRrE sc-cBoqAE jCdxGr euzkmu\\"><p>GitLab Personal Access Token description</p>
</div><div class=\\"sc-fXgAZx gpEkhG\\"><div class=\\"sc-bQCEYZ guNana\\"><b>Security Scheme Type: </b><span>API Key</span></div><div class=\\"sc-iJCRrE sc-cBoqAE jCdxGr euzkmu\\"><div class=\\"sc-bQCEYZ guNana\\"><b>Header parameter name: </b><code>PRIVATE-TOKEN</code></div></div></div></div></div></div><div id=\\"section/Authentication/GitLab_OpenIdConnect\\" data-section-id=\\"section/Authentication/GitLab_OpenIdConnect\\" class=\\"sc-eCApnc jlMQbh\\"><div class=\\"sc-iCoGMd gLxhOh\\"><div class=\\"sc-hKFxyN juinod\\"><h2 class=\\"sc-pNWdM eftmgB\\">GitLab_OpenIdConnect</h2><div class=\\"sc-iJCRrE sc-cBoqAE jCdxGr euzkmu\\"><p>GitLab OpenIdConnect description</p>
</div><div class=\\"sc-fXgAZx gpEkhG\\"><div class=\\"sc-bQCEYZ guNana\\"><b>Security Scheme Type: </b><span>OpenID Connect</span></div><div class=\\"sc-iJCRrE sc-cBoqAE jCdxGr euzkmu\\"><div class=\\"sc-bQCEYZ guNana\\"><b>Connect URL: </b><code><a target=\\"_blank\\" rel=\\"noopener noreferrer\\" href=\\"https://gitlab.com/.well-known/openid-configuration\\">https://gitlab.com/.well-known/openid-configuration</a></code></div></div></div></div></div></div><div id=\\"section/Authentication/basicAuth\\" data-section-id=\\"section/Authentication/basicAuth\\" class=\\"sc-eCApnc jlMQbh\\"><div class=\\"sc-iCoGMd gLxhOh\\"><div class=\\"sc-hKFxyN juinod\\"><h2 class=\\"sc-pNWdM eftmgB\\">basicAuth</h2><div class=\\"sc-iJCRrE sc-cBoqAE jCdxGr euzkmu\\"></div><div class=\\"sc-fXgAZx gpEkhG\\"><div class=\\"sc-bQCEYZ guNana\\"><b>Security Scheme Type: </b><span>HTTP</span></div><div class=\\"sc-iJCRrE sc-cBoqAE jCdxGr euzkmu\\"><div class=\\"sc-bQCEYZ guNana\\"><b>HTTP Authorization Scheme: </b><code>basic</code></div><div class=\\"sc-bQCEYZ guNana\\"></div></div></div></div></div></div>"
`;

exports[`SecurityRequirement should render authDefinition 1`] = `"<div class=\\"sc-jHcXXw cMIyYG operation-security\\"><div class=\\"sc-kYPZxB kwnPSF\\"><h5 class=\\"sc-iqAclL sc-dWBRfb eONCmm iQMvJE\\">Authorizations:</h5><svg class=\\"sc-dIsUp iPqByX\\" version=\\"1.1\\" viewBox=\\"0 0 24 24\\" x=\\"0\\" xmlns=\\"http://www.w3.org/2000/svg\\" y=\\"0\\" aria-hidden=\\"true\\"><polygon points=\\"17.3 8.3 12 13.6 6.7 8.3 5.3 9.7 12 16.4 18.7 9.7 \\"></polygon></svg></div><div class=\\"sc-xGAEC hlwvIc\\"><span class=\\"sc-hzUIXc VGwdh\\">(<span class=\\"sc-eHEENL eqFZno\\">API Key: <i>GitLab_PersonalAccessToken</i></span><span class=\\"sc-eHEENL eqFZno\\">OpenID Connect: <i>GitLab_OpenIdConnect</i></span><span class=\\"sc-eHEENL eqFZno\\">HTTP: <i>basicAuth</i></span>) </span><span class=\\"sc-hzUIXc VGwdh\\"><span class=\\"sc-eHEENL eqFZno\\">OAuth2: <i>petstore_auth</i></span></span></div></div>,"`;

exports[`SecurityRequirement should render authDefinition 2`] = `
"<div class=\\"sc-jHcXXw bhmCkS operation-security\\"><div class=\\"sc-kYPZxB kwnPSF\\"><h5 class=\\"sc-iqAclL sc-dWBRfb eONCmm iQMvJE\\">Authorizations:</h5><svg class=\\"sc-dIsUp fVWtGJ\\" version=\\"1.1\\" viewBox=\\"0 0 24 24\\" x=\\"0\\" xmlns=\\"http://www.w3.org/2000/svg\\" y=\\"0\\" aria-hidden=\\"true\\"><polygon points=\\"17.3 8.3 12 13.6 6.7 8.3 5.3 9.7 12 16.4 18.7 9.7 \\"></polygon></svg></div><div class=\\"sc-xGAEC CLwYs\\"><span class=\\"sc-hzUIXc leFKAP\\">(<span class=\\"sc-eHEENL eqFZno\\">API Key: <i>GitLab_PersonalAccessToken</i></span><span class=\\"sc-eHEENL eqFZno\\">OpenID Connect: <i>GitLab_OpenIdConnect</i></span><span class=\\"sc-eHEENL eqFZno\\">HTTP: <i>basicAuth</i></span>) </span><span class=\\"sc-hzUIXc leFKAP\\"><span class=\\"sc-eHEENL eqFZno\\">OAuth2: <i>petstore_auth</i> (<code class=\\"sc-biJonm cacsDt\\">write:pets</code><code class=\\"sc-biJonm cacsDt\\">read:pets</code>) </span></span></div></div><div class=\\"sc-fXgAZx gpEkhG security-details\\"><h5><svg xmlns=\\"http://www.w3.org/2000/svg\\" viewBox=\\"0 0 24 24\\" width=\\"11\\" height=\\"11\\"><path fill=\\"currentColor\\" d=\\"M18 10V6A6 6 0 0 0 6 6v4H3v14h18V10h-3zM8 6c0-2.206 1.794-4 4-4s4 1.794 4 4v4H8V6zm11 16H5V12h14v10z\\"></path></svg> OAuth2: petstore_auth</h5><div class=\\"sc-iJCRrE sc-cBoqAE jCdxGr euzkmu\\"><p>Get access to data while protecting your account credentials.
OAuth2 is also a safer and more secure way to give you access.</p>
</div><div class=\\"sc-iJCRrE sc-cBoqAE jCdxGr euzkmu\\"><div class=\\"sc-bQCEYZ guNana\\"><b>Flow type: </b><code>implicit </code></div><div class=\\"sc-bQCEYZ guNana\\"><strong> Authorization URL: </strong><code><a target=\\"_blank\\" rel=\\"noopener noreferrer\\" href=\\"http://petstore.swagger.io/api/oauth/dialog\\">http://petstore.swagger.io/api/oauth/dialog</a></code></div><div><b>Required scopes: </b><code>write:pets</code> <code>read:pets</code> </div><div class=\\"sc-bQCEYZ guNana\\"><b> Scopes: </b></div><div class=\\"sc-EZqKI gMdzUP container\\" style=\\"height: 4em;\\"><ul><li><code>write:pets</code> - <div class=\\"sc-iJCRrE sc-cBoqAE jCdxGr euzkmu sc-jcwpoC guyQyU redoc-markdown\\"><p>modify pets in your account</p>
</div></li><li><code>read:pets</code> - <div class=\\"sc-iJCRrE sc-cBoqAE jCdxGr euzkmu sc-jcwpoC guyQyU redoc-markdown\\"><p>read your pets</p>
</div></li></ul></div><div class=\\"sc-jXcxbT ifAgjo\\"></div></div></div><div class=\\"sc-fXgAZx gpEkhG security-details\\"><h5><svg xmlns=\\"http://www.w3.org/2000/svg\\" viewBox=\\"0 0 24 24\\" width=\\"11\\" height=\\"11\\"><path fill=\\"currentColor\\" d=\\"M18 10V6A6 6 0 0 0 6 6v4H3v14h18V10h-3zM8 6c0-2.206 1.794-4 4-4s4 1.794 4 4v4H8V6zm11 16H5V12h14v10z\\"></path></svg> API Key: GitLab_PersonalAccessToken</h5><div class=\\"sc-iJCRrE sc-cBoqAE jCdxGr euzkmu\\"><p>GitLab Personal Access Token description</p>
</div><div class=\\"sc-iJCRrE sc-cBoqAE jCdxGr euzkmu\\"><div class=\\"sc-bQCEYZ guNana\\"><b>Header parameter name: </b><code>PRIVATE-TOKEN</code></div></div></div><div class=\\"sc-fXgAZx gpEkhG security-details\\"><h5><svg xmlns=\\"http://www.w3.org/2000/svg\\" viewBox=\\"0 0 24 24\\" width=\\"11\\" height=\\"11\\"><path fill=\\"currentColor\\" d=\\"M18 10V6A6 6 0 0 0 6 6v4H3v14h18V10h-3zM8 6c0-2.206 1.794-4 4-4s4 1.794 4 4v4H8V6zm11 16H5V12h14v10z\\"></path></svg> OpenID Connect: GitLab_OpenIdConnect</h5><div class=\\"sc-iJCRrE sc-cBoqAE jCdxGr euzkmu\\"><p>GitLab OpenIdConnect description</p>
</div><div class=\\"sc-iJCRrE sc-cBoqAE jCdxGr euzkmu\\"><div class=\\"sc-bQCEYZ guNana\\"><b>Connect URL: </b><code><a target=\\"_blank\\" rel=\\"noopener noreferrer\\" href=\\"https://gitlab.com/.well-known/openid-configuration\\">https://gitlab.com/.well-known/openid-configuration</a></code></div></div></div><div class=\\"sc-fXgAZx gpEkhG security-details\\"><h5><svg xmlns=\\"http://www.w3.org/2000/svg\\" viewBox=\\"0 0 24 24\\" width=\\"11\\" height=\\"11\\"><path fill=\\"currentColor\\" d=\\"M18 10V6A6 6 0 0 0 6 6v4H3v14h18V10h-3zM8 6c0-2.206 1.794-4 4-4s4 1.794 4 4v4H8V6zm11 16H5V12h14v10z\\"></path></svg> HTTP: basicAuth</h5><div class=\\"sc-iJCRrE sc-cBoqAE jCdxGr euzkmu\\"></div><div class=\\"sc-iJCRrE sc-cBoqAE jCdxGr euzkmu\\"><div class=\\"sc-bQCEYZ guNana\\"><b>HTTP Authorization Scheme: </b><code>basic</code></div><div class=\\"sc-bQCEYZ guNana\\"></div></div></div>,"
`;
